core_cm4.h:2064:26:ITM_SendChar	16	static,ignoring_inline_asm
main.c:77:6:HAL_I2S_TxHalfCpltCallback	16	static
main.c:82:6:HAL_I2S_TxCpltCallback	16	static
main.c:87:5:_write	32	static
main.c:96:6:WaveGenerate	16	static
main.c:104:6:CS43_Write	40	static
main.c:126:6:codec_reset	8	static
main.c:134:6:codec_init	16	static
main.c:168:6:I2S_Start	8	static
main.c:186:5:main	8	static
main.c:248:6:SystemClock_Config	104	static
main.c:300:13:MX_I2C1_Init	8	static
main.c:334:13:MX_I2S3_Init	8	static
main.c:368:13:MX_SPI1_Init	8	static
main.c:404:13:MX_DMA_Init	16	static
main.c:422:13:MX_GPIO_Init	56	static
main.c:511:6:Error_Handler	4	static,ignoring_inline_asm
